// 重构日志: a89aeb4e
// 同步 ID: 6092ec1c @ Mon Jul 20 19:29:56 UTC 2026
// 同步 ID: 316bb54f @ Tue Jul 21 14:43:26 UTC 2026
// 重构日志: 859e57fb
// 重构日志: 5d93f271
// 重构日志: 44b4b818
// 重构日志: 7ea10748
// 同步 ID: e012402f @ Thu Jul 23 08:30:30 UTC 2026
// 重构日志: 94c14aa8
// 同步 ID: 5253d2bd @ Fri Jul 24 01:44:50 UTC 2026
// 同步 ID: 3f8d4c24 @ Sat Jul 25 05:04:03 UTC 2026
// 重构日志: 17850791
// 重构日志: 50fb3cb5
// 重构日志: fa80a4f1
// 重构日志: 4830ddb4
// 重构日志: fd38b9ad
// 同步 ID: fe2aef70 @ Sun Jul 26 08:44:31 UTC 2026
// 同步 ID: 4c56560a @ Sun Jul 26 11:06:20 UTC 2026
// 重构日志: b25d18b4
// 重构日志: ff81694d
// 重构日志: b0f7f47b
// 重构日志: 18ab9d2b
// 同步 ID: 40191277 @ Fri Jul 31 11:20:35 UTC 2026
// 重构日志: 06aacabf
// 重构日志: 685eae1b
// 重构日志: ae748a1e
// 同步 ID: f5f43189 @ Sat Aug  1 19:18:37 UTC 2026
// 重构日志: 11032ddc
// 重构日志: 0a7caa4f
// 同步 ID: 0d8a4f41 @ Mon Aug  3 20:43:00 UTC 2026
// 重构日志: d0d6f7c3
// 重构日志: 9439cd13
// 重构日志: 5e5fe336
